bun test v1.3.1 (89fa0f34)
bun : 
At line:1 char:1
+ bun test > test_ou
tput.txt 2>&1
+ ~~~~~~~~~~~~~~~~~~
~~~~~~~~~~~~~
    + CategoryInfo  
            : NotS  
  pecified: (:Str   
 ing) [], Remote    
Exception
    + FullyQualifie 
   dErrorId : Nati  
  veCommandError
 
src\auth.test.ts:
(pass) Auth Validati
on > should validate
 a correct handle [1
5.00ms]
Validation Error: {
  "name": "ZodError",
  "message": "[\n  {\n    \"origin\": \"string\",\n    \"code\": \"invalid_format\",\n    \"format\": \"regex\",\n    \"pattern\": \"/^[a-zA-Z0-9.-]+$/\",\n    \"path\": [],\n    \"message\": \"Handle can only contain letters, numbers, hyphens, and dots\"\n  }\n]"
}
13 |         if (!re
sult.success) {
14 |             con
sole.log(
15 |                
 "Validation Error:"
,
16 |                
 JSON.stringify(resu
lt.error, null, 2),
17 |             );
18 |             exp
ect(result.error.err
ors[0].message).toCo
ntain(
                    
                 ^
TypeError: undefined
 is not an object (e
valuating 'result.er
ror.errors[0]')
      at <anonymous>
 (C:\Users\Yudai\.ge
mini\antigravity\pla
yground\frozen-einst
ein\webring\src\auth
.test.ts:18:33)
(fail) Auth Validati
on > should reject a
 handle with invalid
 characters [16.00ms
]
(pass) Auth Validati
on > should reject a
 handle starting wit
h a dot
(pass) Auth Validati
on > should reject a
 handle with consecu
tive dots
(pass) Auth Validati
on > should reject a
 handle that is too 
short
(pass) Auth Flow (Mo
ck) > should initiat
e login with valid h
andle
(pass) Auth Flow (Mo
ck) > should throw e
rror on invalid hand
le

 6 pass
 1 fail
 8 expect() calls
Ran 7 tests across 1
 file. [812.00ms]
