src/lexicons/index.ts(10,21): error TS7016: Could not find a declaration file for module 'multiformats/cid'. 'C:/Users/Yudai/.gemini/antigravity/playground/atcircle/node_modules/multiformats/esm/src/cid.js' implicitly has an 'any' type.
  There are types at 'C:/Users/Yudai/.gemini/antigravity/playground/atcircle/node_modules/multiformats/types/src/cid.d.ts', but this result could not be resolved when respecting package.json "exports". The 'multiformats' library may need to update its package.json or typings.
src/lexicons/index.ts(234,21): error TS2833: Cannot find namespace 'ComAtprotoRepoListRecords'. Did you mean 'ComAtprotoRepoStrongRef'?
src/lexicons/index.ts(247,21): error TS2503: Cannot find namespace 'ComAtprotoRepoGetRecord'.
src/lexicons/index.ts(258,7): error TS2503: Cannot find namespace 'ComAtprotoRepoCreateRecord'.
src/lexicons/index.ts(281,7): error TS2503: Cannot find namespace 'ComAtprotoRepoPutRecord'.
src/lexicons/index.ts(298,21): error TS2503: Cannot find namespace 'ComAtprotoRepoDeleteRecord'.
src/lexicons/index.ts(338,21): error TS2833: Cannot find namespace 'ComAtprotoRepoListRecords'. Did you mean 'ComAtprotoRepoStrongRef'?
src/lexicons/index.ts(351,21): error TS2503: Cannot find namespace 'ComAtprotoRepoGetRecord'.
src/lexicons/index.ts(362,7): error TS2503: Cannot find namespace 'ComAtprotoRepoCreateRecord'.
src/lexicons/index.ts(380,7): error TS2503: Cannot find namespace 'ComAtprotoRepoPutRecord'.
src/lexicons/index.ts(397,21): error TS2503: Cannot find namespace 'ComAtprotoRepoDeleteRecord'.
src/lexicons/index.ts(417,21): error TS2503: Cannot find namespace 'ComAtprotoRepoListRecords'.
src/lexicons/index.ts(430,21): error TS2503: Cannot find namespace 'ComAtprotoRepoGetRecord'.
src/lexicons/index.ts(445,7): error TS2503: Cannot find namespace 'ComAtprotoRepoCreateRecord'.
src/lexicons/index.ts(463,7): error TS2503: Cannot find namespace 'ComAtprotoRepoPutRecord'.
src/lexicons/index.ts(480,21): error TS2503: Cannot find namespace 'ComAtprotoRepoDeleteRecord'.
src/lexicons/index.ts(594,21): error TS2503: Cannot find namespace 'ComAtprotoRepoListRecords'.
src/lexicons/index.ts(607,21): error TS2503: Cannot find namespace 'ComAtprotoRepoGetRecord'.
src/lexicons/index.ts(622,7): error TS2503: Cannot find namespace 'ComAtprotoRepoCreateRecord'.
src/lexicons/index.ts(640,7): error TS2503: Cannot find namespace 'ComAtprotoRepoPutRecord'.
src/lexicons/index.ts(657,21): error TS2503: Cannot find namespace 'ComAtprotoRepoDeleteRecord'.
src/lexicons/index.ts(677,21): error TS2503: Cannot find namespace 'ComAtprotoRepoListRecords'.
src/lexicons/index.ts(690,21): error TS2503: Cannot find namespace 'ComAtprotoRepoGetRecord'.
src/lexicons/index.ts(705,7): error TS2503: Cannot find namespace 'ComAtprotoRepoCreateRecord'.
src/lexicons/index.ts(723,7): error TS2503: Cannot find namespace 'ComAtprotoRepoPutRecord'.
src/lexicons/index.ts(740,21): error TS2503: Cannot find namespace 'ComAtprotoRepoDeleteRecord'.
src/lexicons/index.ts(760,21): error TS2503: Cannot find namespace 'ComAtprotoRepoListRecords'.
src/lexicons/index.ts(773,21): error TS2503: Cannot find namespace 'ComAtprotoRepoGetRecord'.
src/lexicons/index.ts(788,7): error TS2503: Cannot find namespace 'ComAtprotoRepoCreateRecord'.
src/lexicons/index.ts(806,7): error TS2503: Cannot find namespace 'ComAtprotoRepoPutRecord'.
src/lexicons/index.ts(823,21): error TS2503: Cannot find namespace 'ComAtprotoRepoDeleteRecord'.
src/lexicons/index.ts(843,21): error TS2503: Cannot find namespace 'ComAtprotoRepoListRecords'.
src/lexicons/index.ts(856,21): error TS2503: Cannot find namespace 'ComAtprotoRepoGetRecord'.
src/lexicons/index.ts(871,7): error TS2503: Cannot find namespace 'ComAtprotoRepoCreateRecord'.
src/lexicons/index.ts(889,7): error TS2503: Cannot find namespace 'ComAtprotoRepoPutRecord'.
src/lexicons/index.ts(906,21): error TS2503: Cannot find namespace 'ComAtprotoRepoDeleteRecord'.
src/lexicons/index.ts(926,21): error TS2503: Cannot find namespace 'ComAtprotoRepoListRecords'.
src/lexicons/index.ts(939,21): error TS2503: Cannot find namespace 'ComAtprotoRepoGetRecord'.
src/lexicons/index.ts(954,7): error TS2503: Cannot find namespace 'ComAtprotoRepoCreateRecord'.
src/lexicons/index.ts(972,7): error TS2503: Cannot find namespace 'ComAtprotoRepoPutRecord'.
src/lexicons/index.ts(989,21): error TS2503: Cannot find namespace 'ComAtprotoRepoDeleteRecord'.
src/lexicons/lexicons.ts(841,5): error TS2353: Object literal may only specify known properties, and '$type' does not exist in type '{ lexicon: 1; id: `${string}.${string}.${string}`; defs: Record<string, { type: "boolean"; description?: string | undefined; default?: boolean | undefined; const?: boolean | undefined; } | { type: "integer"; ... 5 more ...; enum?: number[] | undefined; } | ... 12 more ... | { ...; }>; description?: string | undefine...'.
src/lexicons/lexicons.ts(871,5): error TS2353: Object literal may only specify known properties, and '$type' does not exist in type '{ lexicon: 1; id: `${string}.${string}.${string}`; defs: Record<string, { type: "boolean"; description?: string | undefined; default?: boolean | undefined; const?: boolean | undefined; } | { type: "integer"; ... 5 more ...; enum?: number[] | undefined; } | ... 12 more ... | { ...; }>; description?: string | undefine...'.
src/lexicons/lexicons.ts(914,5): error TS2353: Object literal may only specify known properties, and '$type' does not exist in type '{ lexicon: 1; id: `${string}.${string}.${string}`; defs: Record<string, { type: "boolean"; description?: string | undefined; default?: boolean | undefined; const?: boolean | undefined; } | { type: "integer"; ... 5 more ...; enum?: number[] | undefined; } | ... 12 more ... | { ...; }>; description?: string | undefine...'.
src/lexicons/lexicons.ts(937,5): error TS2353: Object literal may only specify known properties, and '$type' does not exist in type '{ lexicon: 1; id: `${string}.${string}.${string}`; defs: Record<string, { type: "boolean"; description?: string | undefined; default?: boolean | undefined; const?: boolean | undefined; } | { type: "integer"; ... 5 more ...; enum?: number[] | undefined; } | ... 12 more ... | { ...; }>; description?: string | undefine...'.
src/lexicons/lexicons.ts(1007,5): error TS2353: Object literal may only specify known properties, and '$type' does not exist in type '{ lexicon: 1; id: `${string}.${string}.${string}`; defs: Record<string, { type: "boolean"; description?: string | undefined; default?: boolean | undefined; const?: boolean | undefined; } | { type: "integer"; ... 5 more ...; enum?: number[] | undefined; } | ... 12 more ... | { ...; }>; description?: string | undefine...'.
src/lexicons/lexicons.ts(1089,5): error TS2353: Object literal may only specify known properties, and '$type' does not exist in type '{ lexicon: 1; id: `${string}.${string}.${string}`; defs: Record<string, { type: "boolean"; description?: string | undefined; default?: boolean | undefined; const?: boolean | undefined; } | { type: "integer"; ... 5 more ...; enum?: number[] | undefined; } | ... 12 more ... | { ...; }>; description?: string | undefine...'.
src/lexicons/lexicons.ts(1230,5): error TS2353: Object literal may only specify known properties, and '$type' does not exist in type '{ lexicon: 1; id: `${string}.${string}.${string}`; defs: Record<string, { type: "boolean"; description?: string | undefined; default?: boolean | undefined; const?: boolean | undefined; } | { type: "integer"; ... 5 more ...; enum?: number[] | undefined; } | ... 12 more ... | { ...; }>; description?: string | undefine...'.
src/lexicons/lexicons.ts(1275,5): error TS2353: Object literal may only specify known properties, and '$type' does not exist in type '{ lexicon: 1; id: `${string}.${string}.${string}`; defs: Record<string, { type: "boolean"; description?: string | undefined; default?: boolean | undefined; const?: boolean | undefined; } | { type: "integer"; ... 5 more ...; enum?: number[] | undefined; } | ... 12 more ... | { ...; }>; description?: string | undefine...'.
src/lexicons/lexicons.ts(1358,5): error TS2353: Object literal may only specify known properties, and '$type' does not exist in type '{ lexicon: 1; id: `${string}.${string}.${string}`; defs: Record<string, { type: "boolean"; description?: string | undefined; default?: boolean | undefined; const?: boolean | undefined; } | { type: "integer"; ... 5 more ...; enum?: number[] | undefined; } | ... 12 more ... | { ...; }>; description?: string | undefine...'.
src/lexicons/lexicons.ts(1879,5): error TS2353: Object literal may only specify known properties, and '$type' does not exist in type '{ lexicon: 1; id: `${string}.${string}.${string}`; defs: Record<string, { type: "boolean"; description?: string | undefined; default?: boolean | undefined; const?: boolean | undefined; } | { type: "integer"; ... 5 more ...; enum?: number[] | undefined; } | ... 12 more ... | { ...; }>; description?: string | undefine...'.
src/lexicons/lexicons.ts(1932,5): error TS2353: Object literal may only specify known properties, and '$type' does not exist in type '{ lexicon: 1; id: `${string}.${string}.${string}`; defs: Record<string, { type: "boolean"; description?: string | undefined; default?: boolean | undefined; const?: boolean | undefined; } | { type: "integer"; ... 5 more ...; enum?: number[] | undefined; } | ... 12 more ... | { ...; }>; description?: string | undefine...'.
src/lexicons/lexicons.ts(2010,5): error TS2353: Object literal may only specify known properties, and '$type' does not exist in type '{ lexicon: 1; id: `${string}.${string}.${string}`; defs: Record<string, { type: "boolean"; description?: string | undefined; default?: boolean | undefined; const?: boolean | undefined; } | { type: "integer"; ... 5 more ...; enum?: number[] | undefined; } | ... 12 more ... | { ...; }>; description?: string | undefine...'.
src/lexicons/lexicons.ts(2341,5): error TS2353: Object literal may only specify known properties, and '$type' does not exist in type '{ lexicon: 1; id: `${string}.${string}.${string}`; defs: Record<string, { type: "boolean"; description?: string | undefined; default?: boolean | undefined; const?: boolean | undefined; } | { type: "integer"; ... 5 more ...; enum?: number[] | undefined; } | ... 12 more ... | { ...; }>; description?: string | undefine...'.
src/lexicons/lexicons.ts(2395,5): error TS2353: Object literal may only specify known properties, and '$type' does not exist in type '{ lexicon: 1; id: `${string}.${string}.${string}`; defs: Record<string, { type: "boolean"; description?: string | undefined; default?: boolean | undefined; const?: boolean | undefined; } | { type: "integer"; ... 5 more ...; enum?: number[] | undefined; } | ... 12 more ... | { ...; }>; description?: string | undefine...'.
src/lexicons/lexicons.ts(2540,5): error TS2353: Object literal may only specify known properties, and '$type' does not exist in type '{ lexicon: 1; id: `${string}.${string}.${string}`; defs: Record<string, { type: "boolean"; description?: string | undefined; default?: boolean | undefined; const?: boolean | undefined; } | { type: "integer"; ... 5 more ...; enum?: number[] | undefined; } | ... 12 more ... | { ...; }>; description?: string | undefine...'.
src/lexicons/lexicons.ts(2692,5): error TS2353: Object literal may only specify known properties, and '$type' does not exist in type '{ lexicon: 1; id: `${string}.${string}.${string}`; defs: Record<string, { type: "boolean"; description?: string | undefined; default?: boolean | undefined; const?: boolean | undefined; } | { type: "integer"; ... 5 more ...; enum?: number[] | undefined; } | ... 12 more ... | { ...; }>; description?: string | undefine...'.
src/lexicons/lexicons.ts(2774,5): error TS2353: Object literal may only specify known properties, and '$type' does not exist in type '{ lexicon: 1; id: `${string}.${string}.${string}`; defs: Record<string, { type: "boolean"; description?: string | undefined; default?: boolean | undefined; const?: boolean | undefined; } | { type: "integer"; ... 5 more ...; enum?: number[] | undefined; } | ... 12 more ... | { ...; }>; description?: string | undefine...'.
src/lexicons/lexicons.ts(2954,5): error TS2353: Object literal may only specify known properties, and '$type' does not exist in type '{ lexicon: 1; id: `${string}.${string}.${string}`; defs: Record<string, { type: "boolean"; description?: string | undefined; default?: boolean | undefined; const?: boolean | undefined; } | { type: "integer"; ... 5 more ...; enum?: number[] | undefined; } | ... 12 more ... | { ...; }>; description?: string | undefine...'.
src/lexicons/lexicons.ts(3052,5): error TS2353: Object literal may only specify known properties, and '$type' does not exist in type '{ lexicon: 1; id: `${string}.${string}.${string}`; defs: Record<string, { type: "boolean"; description?: string | undefined; default?: boolean | undefined; const?: boolean | undefined; } | { type: "integer"; ... 5 more ...; enum?: number[] | undefined; } | ... 12 more ... | { ...; }>; description?: string | undefine...'.
src/lexicons/lexicons.ts(3073,5): error TS2353: Object literal may only specify known properties, and '$type' does not exist in type '{ lexicon: 1; id: `${string}.${string}.${string}`; defs: Record<string, { type: "boolean"; description?: string | undefined; default?: boolean | undefined; const?: boolean | undefined; } | { type: "integer"; ... 5 more ...; enum?: number[] | undefined; } | ... 12 more ... | { ...; }>; description?: string | undefine...'.
src/lexicons/lexicons.ts(3523,5): error TS2353: Object literal may only specify known properties, and '$type' does not exist in type '{ lexicon: 1; id: `${string}.${string}.${string}`; defs: Record<string, { type: "boolean"; description?: string | undefined; default?: boolean | undefined; const?: boolean | undefined; } | { type: "integer"; ... 5 more ...; enum?: number[] | undefined; } | ... 12 more ... | { ...; }>; description?: string | undefine...'.
src/lexicons/types/app/bsky/actor/defs.ts(5,21): error TS7016: Could not find a declaration file for module 'multiformats/cid'. 'C:/Users/Yudai/.gemini/antigravity/playground/atcircle/node_modules/multiformats/esm/src/cid.js' implicitly has an 'any' type.
  There are types at 'C:/Users/Yudai/.gemini/antigravity/playground/atcircle/node_modules/multiformats/types/src/cid.d.ts', but this result could not be resolved when respecting package.json "exports". The 'multiformats' library may need to update its package.json or typings.
src/lexicons/types/app/bsky/actor/getProfile.ts(6,21): error TS7016: Could not find a declaration file for module 'multiformats/cid'. 'C:/Users/Yudai/.gemini/antigravity/playground/atcircle/node_modules/multiformats/esm/src/cid.js' implicitly has an 'any' type.
  There are types at 'C:/Users/Yudai/.gemini/antigravity/playground/atcircle/node_modules/multiformats/types/src/cid.d.ts', but this result could not be resolved when respecting package.json "exports". The 'multiformats' library may need to update its package.json or typings.
src/lexicons/types/app/bsky/actor/status.ts(5,21): error TS7016: Could not find a declaration file for module 'multiformats/cid'. 'C:/Users/Yudai/.gemini/antigravity/playground/atcircle/node_modules/multiformats/esm/src/cid.js' implicitly has an 'any' type.
  There are types at 'C:/Users/Yudai/.gemini/antigravity/playground/atcircle/node_modules/multiformats/types/src/cid.d.ts', but this result could not be resolved when respecting package.json "exports". The 'multiformats' library may need to update its package.json or typings.
src/lexicons/types/app/bsky/embed/defs.ts(5,21): error TS7016: Could not find a declaration file for module 'multiformats/cid'. 'C:/Users/Yudai/.gemini/antigravity/playground/atcircle/node_modules/multiformats/esm/src/cid.js' implicitly has an 'any' type.
  There are types at 'C:/Users/Yudai/.gemini/antigravity/playground/atcircle/node_modules/multiformats/types/src/cid.d.ts', but this result could not be resolved when respecting package.json "exports". The 'multiformats' library may need to update its package.json or typings.
src/lexicons/types/app/bsky/embed/external.ts(5,21): error TS7016: Could not find a declaration file for module 'multiformats/cid'. 'C:/Users/Yudai/.gemini/antigravity/playground/atcircle/node_modules/multiformats/esm/src/cid.js' implicitly has an 'any' type.
  There are types at 'C:/Users/Yudai/.gemini/antigravity/playground/atcircle/node_modules/multiformats/types/src/cid.d.ts', but this result could not be resolved when respecting package.json "exports". The 'multiformats' library may need to update its package.json or typings.
src/lexicons/types/app/bsky/embed/images.ts(5,21): error TS7016: Could not find a declaration file for module 'multiformats/cid'. 'C:/Users/Yudai/.gemini/antigravity/playground/atcircle/node_modules/multiformats/esm/src/cid.js' implicitly has an 'any' type.
  There are types at 'C:/Users/Yudai/.gemini/antigravity/playground/atcircle/node_modules/multiformats/types/src/cid.d.ts', but this result could not be resolved when respecting package.json "exports". The 'multiformats' library may need to update its package.json or typings.
src/lexicons/types/app/bsky/embed/record.ts(5,21): error TS7016: Could not find a declaration file for module 'multiformats/cid'. 'C:/Users/Yudai/.gemini/antigravity/playground/atcircle/node_modules/multiformats/esm/src/cid.js' implicitly has an 'any' type.
  There are types at 'C:/Users/Yudai/.gemini/antigravity/playground/atcircle/node_modules/multiformats/types/src/cid.d.ts', but this result could not be resolved when respecting package.json "exports". The 'multiformats' library may need to update its package.json or typings.
src/lexicons/types/app/bsky/embed/recordWithMedia.ts(5,21): error TS7016: Could not find a declaration file for module 'multiformats/cid'. 'C:/Users/Yudai/.gemini/antigravity/playground/atcircle/node_modules/multiformats/esm/src/cid.js' implicitly has an 'any' type.
  There are types at 'C:/Users/Yudai/.gemini/antigravity/playground/atcircle/node_modules/multiformats/types/src/cid.d.ts', but this result could not be resolved when respecting package.json "exports". The 'multiformats' library may need to update its package.json or typings.
src/lexicons/types/app/bsky/embed/video.ts(5,21): error TS7016: Could not find a declaration file for module 'multiformats/cid'. 'C:/Users/Yudai/.gemini/antigravity/playground/atcircle/node_modules/multiformats/esm/src/cid.js' implicitly has an 'any' type.
  There are types at 'C:/Users/Yudai/.gemini/antigravity/playground/atcircle/node_modules/multiformats/types/src/cid.d.ts', but this result could not be resolved when respecting package.json "exports". The 'multiformats' library may need to update its package.json or typings.
src/lexicons/types/app/bsky/feed/defs.ts(5,21): error TS7016: Could not find a declaration file for module 'multiformats/cid'. 'C:/Users/Yudai/.gemini/antigravity/playground/atcircle/node_modules/multiformats/esm/src/cid.js' implicitly has an 'any' type.
  There are types at 'C:/Users/Yudai/.gemini/antigravity/playground/atcircle/node_modules/multiformats/types/src/cid.d.ts', but this result could not be resolved when respecting package.json "exports". The 'multiformats' library may need to update its package.json or typings.
src/lexicons/types/app/bsky/feed/postgate.ts(5,21): error TS7016: Could not find a declaration file for module 'multiformats/cid'. 'C:/Users/Yudai/.gemini/antigravity/playground/atcircle/node_modules/multiformats/esm/src/cid.js' implicitly has an 'any' type.
  There are types at 'C:/Users/Yudai/.gemini/antigravity/playground/atcircle/node_modules/multiformats/types/src/cid.d.ts', but this result could not be resolved when respecting package.json "exports". The 'multiformats' library may need to update its package.json or typings.
src/lexicons/types/app/bsky/feed/threadgate.ts(5,21): error TS7016: Could not find a declaration file for module 'multiformats/cid'. 'C:/Users/Yudai/.gemini/antigravity/playground/atcircle/node_modules/multiformats/esm/src/cid.js' implicitly has an 'any' type.
  There are types at 'C:/Users/Yudai/.gemini/antigravity/playground/atcircle/node_modules/multiformats/types/src/cid.d.ts', but this result could not be resolved when respecting package.json "exports". The 'multiformats' library may need to update its package.json or typings.
src/lexicons/types/app/bsky/graph/defs.ts(5,21): error TS7016: Could not find a declaration file for module 'multiformats/cid'. 'C:/Users/Yudai/.gemini/antigravity/playground/atcircle/node_modules/multiformats/esm/src/cid.js' implicitly has an 'any' type.
  There are types at 'C:/Users/Yudai/.gemini/antigravity/playground/atcircle/node_modules/multiformats/types/src/cid.d.ts', but this result could not be resolved when respecting package.json "exports". The 'multiformats' library may need to update its package.json or typings.
src/lexicons/types/app/bsky/graph/getFollowers.ts(6,21): error TS7016: Could not find a declaration file for module 'multiformats/cid'. 'C:/Users/Yudai/.gemini/antigravity/playground/atcircle/node_modules/multiformats/esm/src/cid.js' implicitly has an 'any' type.
  There are types at 'C:/Users/Yudai/.gemini/antigravity/playground/atcircle/node_modules/multiformats/types/src/cid.d.ts', but this result could not be resolved when respecting package.json "exports". The 'multiformats' library may need to update its package.json or typings.
src/lexicons/types/app/bsky/labeler/defs.ts(5,21): error TS7016: Could not find a declaration file for module 'multiformats/cid'. 'C:/Users/Yudai/.gemini/antigravity/playground/atcircle/node_modules/multiformats/esm/src/cid.js' implicitly has an 'any' type.
  There are types at 'C:/Users/Yudai/.gemini/antigravity/playground/atcircle/node_modules/multiformats/types/src/cid.d.ts', but this result could not be resolved when respecting package.json "exports". The 'multiformats' library may need to update its package.json or typings.
src/lexicons/types/app/bsky/notification/defs.ts(5,21): error TS7016: Could not find a declaration file for module 'multiformats/cid'. 'C:/Users/Yudai/.gemini/antigravity/playground/atcircle/node_modules/multiformats/esm/src/cid.js' implicitly has an 'any' type.
  There are types at 'C:/Users/Yudai/.gemini/antigravity/playground/atcircle/node_modules/multiformats/types/src/cid.d.ts', but this result could not be resolved when respecting package.json "exports". The 'multiformats' library may need to update its package.json or typings.
src/lexicons/types/app/bsky/richtext/facet.ts(5,21): error TS7016: Could not find a declaration file for module 'multiformats/cid'. 'C:/Users/Yudai/.gemini/antigravity/playground/atcircle/node_modules/multiformats/esm/src/cid.js' implicitly has an 'any' type.
  There are types at 'C:/Users/Yudai/.gemini/antigravity/playground/atcircle/node_modules/multiformats/types/src/cid.d.ts', but this result could not be resolved when respecting package.json "exports". The 'multiformats' library may need to update its package.json or typings.
src/lexicons/types/com/atproto/label/defs.ts(5,21): error TS7016: Could not find a declaration file for module 'multiformats/cid'. 'C:/Users/Yudai/.gemini/antigravity/playground/atcircle/node_modules/multiformats/esm/src/cid.js' implicitly has an 'any' type.
  There are types at 'C:/Users/Yudai/.gemini/antigravity/playground/atcircle/node_modules/multiformats/types/src/cid.d.ts', but this result could not be resolved when respecting package.json "exports". The 'multiformats' library may need to update its package.json or typings.
src/lexicons/types/com/atproto/moderation/defs.ts(5,21): error TS7016: Could not find a declaration file for module 'multiformats/cid'. 'C:/Users/Yudai/.gemini/antigravity/playground/atcircle/node_modules/multiformats/esm/src/cid.js' implicitly has an 'any' type.
  There are types at 'C:/Users/Yudai/.gemini/antigravity/playground/atcircle/node_modules/multiformats/types/src/cid.d.ts', but this result could not be resolved when respecting package.json "exports". The 'multiformats' library may need to update its package.json or typings.
src/lexicons/types/com/atproto/repo/strongRef.ts(5,21): error TS7016: Could not find a declaration file for module 'multiformats/cid'. 'C:/Users/Yudai/.gemini/antigravity/playground/atcircle/node_modules/multiformats/esm/src/cid.js' implicitly has an 'any' type.
  There are types at 'C:/Users/Yudai/.gemini/antigravity/playground/atcircle/node_modules/multiformats/types/src/cid.d.ts', but this result could not be resolved when respecting package.json "exports". The 'multiformats' library may need to update its package.json or typings.
src/lexicons/types/net/asadaame5121/at-circle/banner.ts(5,21): error TS7016: Could not find a declaration file for module 'multiformats/cid'. 'C:/Users/Yudai/.gemini/antigravity/playground/atcircle/node_modules/multiformats/esm/src/cid.js' implicitly has an 'any' type.
  There are types at 'C:/Users/Yudai/.gemini/antigravity/playground/atcircle/node_modules/multiformats/types/src/cid.d.ts', but this result could not be resolved when respecting package.json "exports". The 'multiformats' library may need to update its package.json or typings.
src/lexicons/types/net/asadaame5121/at-circle/block.ts(5,21): error TS7016: Could not find a declaration file for module 'multiformats/cid'. 'C:/Users/Yudai/.gemini/antigravity/playground/atcircle/node_modules/multiformats/esm/src/cid.js' implicitly has an 'any' type.
  There are types at 'C:/Users/Yudai/.gemini/antigravity/playground/atcircle/node_modules/multiformats/types/src/cid.d.ts', but this result could not be resolved when respecting package.json "exports". The 'multiformats' library may need to update its package.json or typings.
src/lexicons/types/net/asadaame5121/at-circle/defs.ts(5,21): error TS7016: Could not find a declaration file for module 'multiformats/cid'. 'C:/Users/Yudai/.gemini/antigravity/playground/atcircle/node_modules/multiformats/esm/src/cid.js' implicitly has an 'any' type.
  There are types at 'C:/Users/Yudai/.gemini/antigravity/playground/atcircle/node_modules/multiformats/types/src/cid.d.ts', but this result could not be resolved when respecting package.json "exports". The 'multiformats' library may need to update its package.json or typings.
src/lexicons/types/net/asadaame5121/at-circle/member.ts(5,21): error TS7016: Could not find a declaration file for module 'multiformats/cid'. 'C:/Users/Yudai/.gemini/antigravity/playground/atcircle/node_modules/multiformats/esm/src/cid.js' implicitly has an 'any' type.
  There are types at 'C:/Users/Yudai/.gemini/antigravity/playground/atcircle/node_modules/multiformats/types/src/cid.d.ts', but this result could not be resolved when respecting package.json "exports". The 'multiformats' library may need to update its package.json or typings.
src/lexicons/types/net/asadaame5121/at-circle/request.ts(5,21): error TS7016: Could not find a declaration file for module 'multiformats/cid'. 'C:/Users/Yudai/.gemini/antigravity/playground/atcircle/node_modules/multiformats/esm/src/cid.js' implicitly has an 'any' type.
  There are types at 'C:/Users/Yudai/.gemini/antigravity/playground/atcircle/node_modules/multiformats/types/src/cid.d.ts', but this result could not be resolved when respecting package.json "exports". The 'multiformats' library may need to update its package.json or typings.
src/lexicons/types/net/asadaame5121/at-circle/ring.ts(5,21): error TS7016: Could not find a declaration file for module 'multiformats/cid'. 'C:/Users/Yudai/.gemini/antigravity/playground/atcircle/node_modules/multiformats/esm/src/cid.js' implicitly has an 'any' type.
  There are types at 'C:/Users/Yudai/.gemini/antigravity/playground/atcircle/node_modules/multiformats/types/src/cid.d.ts', but this result could not be resolved when respecting package.json "exports". The 'multiformats' library may need to update its package.json or typings.
src/lexicons/types/tools/ozone/report/defs.ts(5,21): error TS7016: Could not find a declaration file for module 'multiformats/cid'. 'C:/Users/Yudai/.gemini/antigravity/playground/atcircle/node_modules/multiformats/esm/src/cid.js' implicitly has an 'any' type.
  There are types at 'C:/Users/Yudai/.gemini/antigravity/playground/atcircle/node_modules/multiformats/types/src/cid.d.ts', but this result could not be resolved when respecting package.json "exports". The 'multiformats' library may need to update its package.json or typings.
src/routes/dashboard/rings.ts(31,13): error TS2345: Argument of type 'string | undefined' is not assignable to parameter of type 'string'.
  Type 'undefined' is not assignable to type 'string'.
src/routes/dashboard/rings.ts(241,13): error TS2345: Argument of type 'string | undefined' is not assignable to parameter of type 'string'.
  Type 'undefined' is not assignable to type 'string'.
src/services/atproto.ts(30,20): error TS2304: Cannot find name 'NSID'.
src/services/atproto.ts(70,25): error TS2304: Cannot find name 'NSID'.
src/services/atproto.ts(87,20): error TS2304: Cannot find name 'NSID'.
src/services/atproto.ts(98,25): error TS2304: Cannot find name 'NSID'.
src/services/atproto.ts(125,20): error TS2304: Cannot find name 'NSID'.
src/services/atproto.ts(156,20): error TS2304: Cannot find name 'NSID'.
src/services/atproto.ts(246,20): error TS2304: Cannot find name 'NSID'.
src/services/atproto.ts(287,20): error TS2304: Cannot find name 'NSID'.
src/services/ring.service.ts(37,34): error TS2339: Property 'service' does not exist on type 'Agent'.
